40.77.167.99 - - [08/Nov/2022:00:20:42 +0000] "GET /robots.txt HTTP/1.1" 404 4384 "-" "Mozilla/5.0 AppleWebKit/537.36 (KHTML, like Gecko; compatible; bingbot/2.0; +http://www.bing.com/bingbot.htm) Chrome/103.0.5060.134 Safari/537.36"
157.55.39.24 - - [08/Nov/2022:00:20:53 +0000] "GET /?p=1 HTTP/1.1" 200 15495 "-" "Mozilla/5.0 (compatible; bingbot/2.0; +http://www.bing.com/bingbot.htm)"
46.101.144.32 - - [08/Nov/2022:00:39:13 +0000] "POST /wp-cron.php?doing_wp_cron=1667867953.5230638980865478515625 HTTP/1.1" 200 4070 "https://talmedos.com/wp-cron.php?doing_wp_cron=1667867953.5230638980865478515625" "WordPress/6.1; https://talmedos.com"
209.141.44.126 - - [08/Nov/2022:00:39:13 +0000] "POST /xmlrpc.php HTTP/1.1" 200 3618 "http://www.google.com.hk" "Mozilla/5.0 (Windows NT 6.1; WOW64) AppleWebKit/537.36 (KHTML, like Gecko) Chrome/42.0.2311.90 Safari/537.36"
209.141.44.126 - - [08/Nov/2022:00:40:38 +0000] "GET /wp-login.php HTTP/1.1" 200 11212 "-" "Mozilla/5.0 (Windows NT 5.1; rv:30.0) Gecko/20100101 Firefox/30.0"
209.141.44.126 - - [08/Nov/2022:00:42:00 +0000] "POST /wp-login.php HTTP/1.1" 200 11610 "-" "Mozilla/5.0 (Windows NT 5.1; rv:30.0) Gecko/20100101 Firefox/30.0"
45.61.188.225 - - [08/Nov/2022:00:53:26 +0000] "POST /xmlrpc.php HTTP/1.1" 200 3618 "http://www.google.com.hk" "Mozilla/5.0 (Windows NT 6.1; WOW64) AppleWebKit/537.36 (KHTML, like Gecko) Chrome/42.0.2311.90 Safari/537.36"
45.61.188.225 - - [08/Nov/2022:00:54:23 +0000] "GET /wp-login.php HTTP/1.1" 200 11212 "-" "Mozilla/5.0 (X11; Ubuntu; Linux x86_64; rv:30.0) Gecko/20100101 Firefox/30.0"
45.61.188.225 - - [08/Nov/2022:00:55:17 +0000] "POST /wp-login.php HTTP/1.1" 200 11606 "-" "Mozilla/5.0 (X11; Ubuntu; Linux x86_64; rv:30.0) Gecko/20100101 Firefox/30.0"
146.70.61.139 - - [08/Nov/2022:01:04:38 +0000] "POST /xmlrpc.php HTTP/1.1" 200 4410 "-" "Mozilla/5.0 (Windows NT 10.0; Win64; x64) AppleWebKit/537.36 (KHTML, like Gecko) Chrome/100.0.4896.127 Safari/537.36"
45.61.185.74 - - [08/Nov/2022:01:05:24 +0000] "POST /xmlrpc.php HTTP/1.1" 200 3618 "http://www.google.com.hk" "Mozilla/5.0 (Windows NT 6.1; WOW64) AppleWebKit/537.36 (KHTML, like Gecko) Chrome/42.0.2311.90 Safari/537.36"
45.61.185.74 - - [08/Nov/2022:01:05:25 +0000] "GET /wp-login.php HTTP/1.1" 200 11212 "-" "Mozilla/5.0 (Macintosh; Intel Mac OS X 10_9_4) AppleWebKit/537.36 (KHTML, like Gecko) Chrome/36.0.1985.143 Safari/537.36"
45.61.185.74 - - [08/Nov/2022:01:05:25 +0000] "POST /wp-login.php HTTP/1.1" 200 8442 "-" "Mozilla/5.0 (Macintosh; Intel Mac OS X 10_9_4) AppleWebKit/537.36 (KHTML, like Gecko) Chrome/36.0.1985.143 Safari/537.36"
205.210.31.168 - - [08/Nov/2022:01:15:53 +0000] "GET / HTTP/1.1" 200 58460 "-" "Expanse, a Palo Alto Networks company, searches across the global IPv4 space multiple times per day to identify customers&#39; presences on the Internet. If you would like to be excluded from our scans, please send IP addresses/domains to: scaninfo@paloaltonetworks.com"
64.62.197.54 - - [08/Nov/2022:01:31:01 +0000] "GET / HTTP/1.1" 200 13573 "http://46.101.144.32/" "Mozilla/5.0 (X11; Linux x86_64; rv:104.0) Gecko/20100101 Firefox/104.0"
152.89.196.211 - - [08/Nov/2022:01:34:24 +0000] "GET /Autodiscover/Autodiscover.xml HTTP/1.1" 404 4172 "http://46.101.144.32:80/Autodiscover/Autodiscover.xml" "Mozilla/5.0 (Windows NT 10.0; Win64; x64) AppleWebKit/537.36 (KHTML, like Gecko) Chrome/78.0.3904.108 Safari/537.36"
23.251.102.74 - - [08/Nov/2022:01:36:06 +0000] "GET / HTTP/1.1" 200 13689 "-" "Mozilla/5.0 (Windows NT 10.0; Win64; x64) AppleWebKit/537.36 (KHTML, like Gecko) Chrome/60.0.3112.113 Safari/537.36"
46.101.144.32 - - [08/Nov/2022:01:41:40 +0000] "POST /wp-cron.php?doing_wp_cron=1667871700.4305500984191894531250 HTTP/1.1" 200 4070 "https://talmedos.com/wp-cron.php?doing_wp_cron=1667871700.4305500984191894531250" "WordPress/6.1; https://talmedos.com"
62.102.148.156 - - [08/Nov/2022:01:41:40 +0000] "POST /xmlrpc.php HTTP/1.1" 200 4410 "-" "Mozilla/5.0 (Windows NT 10.0; Win64; x64) AppleWebKit/537.36 (KHTML, like Gecko) Chrome/100.0.4896.127 Safari/537.36"
209.141.49.253 - - [08/Nov/2022:01:44:52 +0000] "POST /xmlrpc.php HTTP/1.1" 200 3618 "http://www.google.com.hk" "Mozilla/5.0 (Windows NT 6.1; WOW64) AppleWebKit/537.36 (KHTML, like Gecko) Chrome/42.0.2311.90 Safari/537.36"
209.141.49.253 - - [08/Nov/2022:01:46:36 +0000] "GET /wp-login.php HTTP/1.1" 200 11212 "-" "Mozilla/5.0 (Windows NT 6.1) AppleWebKit/537.36 (KHTML, like Gecko) Chrome/35.0.1916.153 Safari/537.36"
209.141.49.253 - - [08/Nov/2022:01:48:23 +0000] "POST /wp-login.php HTTP/1.1" 200 11607 "-" "Mozilla/5.0 (Windows NT 6.1) AppleWebKit/537.36 (KHTML, like Gecko) Chrome/35.0.1916.153 Safari/537.36"
213.152.186.163 - - [08/Nov/2022:02:15:19 +0000] "POST /xmlrpc.php HTTP/1.1" 200 4410 "-" "Mozilla/5.0 (Windows NT 10.0; Win64; x64) AppleWebKit/537.36 (KHTML, like Gecko) Chrome/100.0.4896.127 Safari/537.36"
188.166.87.67 - - [08/Nov/2022:02:16:26 +0000] "GET / HTTP/1.0" 400 627 "-" "-"
188.166.87.67 - - [08/Nov/2022:02:16:26 +0000] "GET / HTTP/1.1" 200 13573 "-" "Mozilla/5.0 (Macintosh; Intel Mac OS X 10.13; rv:61.0) Gecko/20100101 Firefox/72.0"
147.78.47.233 - - [08/Nov/2022:02:17:50 +0000] "POST /wp-login.php HTTP/1.1" 200 6843 "-" "Mozilla/5.0 (Windows NT 6.3; WOW64; rv:43.0) Gecko/20100101 Firefox/43.0"
147.78.47.233 - - [08/Nov/2022:02:21:35 +0000] "POST /wp-login.php HTTP/1.1" 200 6869 "-" "Mozilla/5.0 (Windows NT 6.3; WOW64; rv:43.0) Gecko/20100101 Firefox/43.0"
198.98.50.216 - - [08/Nov/2022:02:26:59 +0000] "POST /xmlrpc.php HTTP/1.1" 200 3618 "http://www.google.com.hk" "Mozilla/5.0 (Windows NT 6.1; WOW64) AppleWebKit/537.36 (KHTML, like Gecko) Chrome/42.0.2311.90 Safari/537.36"
198.98.50.216 - - [08/Nov/2022:02:27:30 +0000] "GET /wp-login.php HTTP/1.1" 200 11212 "-" "Mozilla/5.0 (Windows NT 6.1; WOW64; rv:24.0) Gecko/20100101 Firefox/24.0"
174.138.61.44 - - [08/Nov/2022:02:27:54 +0000] "GET / HTTP/1.1" 200 13573 "http://46.101.144.32/" "Mozilla/5.0 (Windows NT 10.0; Win64; x64) AppleWebKit/537.36 (KHTML, like Gecko) Chrome/102.0.5005.63 Safari/537.36"
198.98.50.216 - - [08/Nov/2022:02:28:00 +0000] "POST /wp-login.php HTTP/1.1" 200 11610 "-" "Mozilla/5.0 (Windows NT 6.1; WOW64; rv:24.0) Gecko/20100101 Firefox/24.0"
209.141.44.126 - - [08/Nov/2022:02:30:03 +0000] "POST /xmlrpc.php HTTP/1.1" 200 3618 "http://www.google.com.hk" "Mozilla/5.0 (Windows NT 6.1; WOW64) AppleWebKit/537.36 (KHTML, like Gecko) Chrome/42.0.2311.90 Safari/537.36"
209.141.44.126 - - [08/Nov/2022:02:31:35 +0000] "GET /wp-login.php HTTP/1.1" 200 11212 "-" "Mozilla/5.0 (Macintosh; Intel Mac OS X 10_10_0) AppleWebKit/537.36 (KHTML, like Gecko) Chrome/36.0.1985.125 Safari/537.36"
209.141.44.126 - - [08/Nov/2022:02:32:57 +0000] "POST /wp-login.php HTTP/1.1" 200 11607 "-" "Mozilla/5.0 (Macintosh; Intel Mac OS X 10_10_0) AppleWebKit/537.36 (KHTML, like Gecko) Chrome/36.0.1985.125 Safari/537.36"
46.101.144.32 - - [08/Nov/2022:02:38:09 +0000] "POST /wp-cron.php?doing_wp_cron=1667875089.9125030040740966796875 HTTP/1.1" 200 4070 "https://talmedos.com/wp-cron.php?doing_wp_cron=1667875089.9125030040740966796875" "WordPress/6.1; https://talmedos.com"
147.78.47.233 - - [08/Nov/2022:02:38:09 +0000] "POST /wp-login.php HTTP/1.1" 200 6843 "-" "Mozilla/5.0 (Windows NT 6.3; WOW64; rv:43.0) Gecko/20100101 Firefox/43.0"
209.141.37.194 - - [08/Nov/2022:02:40:06 +0000] "POST /xmlrpc.php HTTP/1.1" 200 3618 "http://www.google.com.hk" "Mozilla/5.0 (Windows NT 6.1; WOW64) AppleWebKit/537.36 (KHTML, like Gecko) Chrome/42.0.2311.90 Safari/537.36"
209.141.37.194 - - [08/Nov/2022:02:40:46 +0000] "GET /wp-login.php HTTP/1.1" 200 11212 "-" "Mozilla/5.0 (iPad; CPU OS 7_1_2 like Mac OS X) AppleWebKit/537.51.2 (KHTML, like Gecko) Version/7.0 Mobile/11D257 Safari/9537.53"
209.141.37.194 - - [08/Nov/2022:02:41:23 +0000] "POST /wp-login.php HTTP/1.1" 200 11607 "-" "Mozilla/5.0 (iPad; CPU OS 7_1_2 like Mac OS X) AppleWebKit/537.51.2 (KHTML, like Gecko) Version/7.0 Mobile/11D257 Safari/9537.53"
147.78.47.233 - - [08/Nov/2022:02:41:52 +0000] "POST /wp-login.php HTTP/1.1" 200 6869 "-" "Mozilla/5.0 (Windows NT 6.3; WOW64; rv:43.0) Gecko/20100101 Firefox/43.0"
147.78.47.233 - - [08/Nov/2022:02:58:39 +0000] "POST /wp-login.php HTTP/1.1" 200 6843 "-" "Mozilla/5.0 (Windows NT 6.3; WOW64; rv:43.0) Gecko/20100101 Firefox/43.0"
192.241.196.245 - - [08/Nov/2022:03:02:57 +0000] "GET / HTTP/1.1" 200 13573 "-" "Mozilla/5.0 zgrab/0.x"
147.78.47.233 - - [08/Nov/2022:03:04:53 +0000] "POST /wp-login.php HTTP/1.1" 200 6869 "-" "Mozilla/5.0 (Windows NT 6.3; WOW64; rv:43.0) Gecko/20100101 Firefox/43.0"
192.241.197.181 - - [08/Nov/2022:03:05:04 +0000] "GET /owa/auth/logon.aspx?url=https%3a%2f%2f1%2fecp%2f HTTP/1.1" 404 3615 "-" "Mozilla/5.0 zgrab/0.x"
40.77.167.103 - - [08/Nov/2022:03:20:16 +0000] "GET /robots.txt HTTP/1.1" 404 4385 "-" "Mozilla/5.0 (compatible; bingbot/2.0; +http://www.bing.com/bingbot.htm)"
40.77.167.103 - - [08/Nov/2022:03:20:16 +0000] "GET /robots.txt HTTP/1.1" 404 514 "-" "Mozilla/5.0 (compatible; bingbot/2.0; +http://www.bing.com/bingbot.htm)"
157.55.39.30 - - [08/Nov/2022:03:20:25 +0000] "GET / HTTP/1.1" 200 14322 "-" "Mozilla/5.0 (compatible; bingbot/2.0; +http://www.bing.com/bingbot.htm)"
147.78.47.233 - - [08/Nov/2022:03:21:46 +0000] "POST /wp-login.php HTTP/1.1" 200 6843 "-" "Mozilla/5.0 (Windows NT 6.3; WOW64; rv:43.0) Gecko/20100101 Firefox/43.0"
147.78.47.233 - - [08/Nov/2022:03:25:29 +0000] "POST /wp-login.php HTTP/1.1" 200 6869 "-" "Mozilla/5.0 (Windows NT 6.3; WOW64; rv:43.0) Gecko/20100101 Firefox/43.0"
45.61.185.74 - - [08/Nov/2022:03:26:33 +0000] "POST /xmlrpc.php HTTP/1.1" 200 3618 "http://www.google.com.hk" "Mozilla/5.0 (Windows NT 6.1; WOW64) AppleWebKit/537.36 (KHTML, like Gecko) Chrome/42.0.2311.90 Safari/537.36"
45.61.185.74 - - [08/Nov/2022:03:26:34 +0000] "GET /wp-login.php HTTP/1.1" 200 11212 "-" "Mozilla/5.0 (Windows NT 5.1; rv:30.0) Gecko/20100101 Firefox/30.0"
45.61.185.74 - - [08/Nov/2022:03:26:34 +0000] "POST /wp-login.php HTTP/1.1" 200 8443 "-" "Mozilla/5.0 (Windows NT 5.1; rv:30.0) Gecko/20100101 Firefox/30.0"
192.241.202.112 - - [08/Nov/2022:03:38:53 +0000] "GET / HTTP/1.0" 400 627 "-" "-"
46.101.144.32 - - [08/Nov/2022:03:42:21 +0000] "POST /wp-cron.php?doing_wp_cron=1667878941.0115590095520019531250 HTTP/1.1" 200 4070 "https://talmedos.com/wp-cron.php?doing_wp_cron=1667878941.0115590095520019531250" "WordPress/6.1; https://talmedos.com"
147.78.47.233 - - [08/Nov/2022:03:42:20 +0000] "POST /wp-login.php HTTP/1.1" 200 6843 "-" "Mozilla/5.0 (Windows NT 6.3; WOW64; rv:43.0) Gecko/20100101 Firefox/43.0"
147.78.47.233 - - [08/Nov/2022:03:45:55 +0000] "POST /wp-login.php HTTP/1.1" 200 6869 "-" "Mozilla/5.0 (Windows NT 6.3; WOW64; rv:43.0) Gecko/20100101 Firefox/43.0"
13.87.84.137 - - [08/Nov/2022:03:48:02 +0000] "GET /.env HTTP/1.1" 404 4172 "-" "Mozilla/5.0 (Macintosh; Intel Mac OS X 10_11_1) AppleWebKit/537.36 (KHTML, like Gecko) Chrome/77.0.3833.99 Safari/537.36"
23.251.102.82 - - [08/Nov/2022:03:51:34 +0000] "GET / HTTP/1.1" 200 13573 "http://46.101.144.32/" "Mozilla/5.0 (Windows NT 10.0; Win64; x64) AppleWebKit/537.36 (KHTML, like Gecko) Chrome/60.0.3112.113 Safari/537.36"
62.102.148.164 - - [08/Nov/2022:03:53:47 +0000] "POST /xmlrpc.php HTTP/1.1" 200 4410 "-" "Mozilla/5.0 (Windows NT 10.0; Win64; x64) AppleWebKit/537.36 (KHTML, like Gecko) Chrome/100.0.4896.127 Safari/537.36"
147.78.47.233 - - [08/Nov/2022:04:04:58 +0000] "POST /wp-login.php HTTP/1.1" 200 6843 "-" "Mozilla/5.0 (Windows NT 6.3; WOW64; rv:43.0) Gecko/20100101 Firefox/43.0"
147.78.47.233 - - [08/Nov/2022:04:08:31 +0000] "POST /wp-login.php HTTP/1.1" 200 6869 "-" "Mozilla/5.0 (Windows NT 6.3; WOW64; rv:43.0) Gecko/20100101 Firefox/43.0"
5.188.62.174 - - [08/Nov/2022:04:16:03 +0000] "GET /wp-login.php?wp_lang=en_US HTTP/1.1" 200 5886 "-" "Mozilla/5.0 (Windows NT 6.1; WOW64) AppleWebKit/537.36 (KHTML, like Gecko) Chrome/100.0.4758.11 Safari/537.36"
5.188.62.174 - - [08/Nov/2022:04:16:07 +0000] "POST /wp-login.php?wp_lang=en_US HTTP/1.1" 200 2708 "-" "Mozilla/5.0 (Windows NT 6.1; WOW64) AppleWebKit/537.36 (KHTML, like Gecko) Chrome/100.0.4758.11 Safari/537.36"
193.148.16.211 - - [08/Nov/2022:04:17:13 +0000] "POST /xmlrpc.php HTTP/1.1" 200 4410 "-" "Mozilla/5.0 (Windows NT 10.0; Win64; x64) AppleWebKit/537.36 (KHTML, like Gecko) Chrome/100.0.4896.127 Safari/537.36"
54.225.53.20 - - [08/Nov/2022:04:19:55 +0000] "GET / HTTP/1.1" 200 14241 "-" "Mozilla/5.0 (Windows NT 6.2;en-US) AppleWebKit/537.32.36 (KHTML, live Gecko) Chrome/56.0.3080.63 Safari/537.32"
147.78.47.233 - - [08/Nov/2022:04:24:53 +0000] "POST /wp-login.php HTTP/1.1" 200 6843 "-" "Mozilla/5.0 (Windows NT 6.3; WOW64; rv:43.0) Gecko/20100101 Firefox/43.0"
147.78.47.233 - - [08/Nov/2022:04:28:25 +0000] "POST /wp-login.php HTTP/1.1" 200 6869 "-" "Mozilla/5.0 (Windows NT 6.3; WOW64; rv:43.0) Gecko/20100101 Firefox/43.0"
193.37.254.19 - - [08/Nov/2022:04:29:03 +0000] "POST /xmlrpc.php HTTP/1.1" 200 4410 "-" "Mozilla/5.0 (Windows NT 10.0; Win64; x64) AppleWebKit/537.36 (KHTML, like Gecko) Chrome/100.0.4896.127 Safari/537.36"
46.101.144.32 - - [08/Nov/2022:04:44:54 +0000] "POST /wp-cron.php?doing_wp_cron=1667882694.7572588920593261718750 HTTP/1.1" 200 4070 "https://talmedos.com/wp-cron.php?doing_wp_cron=1667882694.7572588920593261718750" "WordPress/6.1; https://talmedos.com"
147.78.47.233 - - [08/Nov/2022:04:44:54 +0000] "POST /wp-login.php HTTP/1.1" 200 6843 "-" "Mozilla/5.0 (Windows NT 6.3; WOW64; rv:43.0) Gecko/20100101 Firefox/43.0"
147.78.47.233 - - [08/Nov/2022:04:51:09 +0000] "POST /wp-login.php HTTP/1.1" 200 6869 "-" "Mozilla/5.0 (Windows NT 6.3; WOW64; rv:43.0) Gecko/20100101 Firefox/43.0"
209.141.36.190 - - [08/Nov/2022:04:54:40 +0000] "GET /wp-login.php HTTP/1.1" 200 11212 "-" "Mozilla/5.0 (Windows NT 6.1; WOW64; Trident/7.0; rv:11.0) like Gecko"
209.141.36.190 - - [08/Nov/2022:04:54:40 +0000] "POST /wp-login.php HTTP/1.1" 200 8446 "-" "Mozilla/5.0 (Windows NT 6.1; WOW64; Trident/7.0; rv:11.0) like Gecko"
147.78.47.233 - - [08/Nov/2022:05:08:40 +0000] "POST /wp-login.php HTTP/1.1" 200 6843 "-" "Mozilla/5.0 (Windows NT 6.3; WOW64; rv:43.0) Gecko/20100101 Firefox/43.0"
147.78.47.233 - - [08/Nov/2022:05:12:20 +0000] "POST /wp-login.php HTTP/1.1" 200 6869 "-" "Mozilla/5.0 (Windows NT 6.3; WOW64; rv:43.0) Gecko/20100101 Firefox/43.0"
147.78.47.233 - - [08/Nov/2022:05:29:01 +0000] "POST /wp-login.php HTTP/1.1" 200 6843 "-" "Mozilla/5.0 (Windows NT 6.3; WOW64; rv:43.0) Gecko/20100101 Firefox/43.0"
164.92.228.67 - - [08/Nov/2022:05:32:15 +0000] "GET / HTTP/1.1" 200 13573 "http://46.101.144.32/" "Mozilla/5.0 zgrab/0.x"
147.78.47.233 - - [08/Nov/2022:05:32:41 +0000] "POST /wp-login.php HTTP/1.1" 200 6869 "-" "Mozilla/5.0 (Windows NT 6.3; WOW64; rv:43.0) Gecko/20100101 Firefox/43.0"
46.101.144.32 - - [08/Nov/2022:05:39:43 +0000] "POST /wp-cron.php?doing_wp_cron=1667885983.3250660896301269531250 HTTP/1.1" 200 4070 "https://talmedos.com/wp-cron.php?doing_wp_cron=1667885983.3250660896301269531250" "WordPress/6.1; https://talmedos.com"
87.236.176.156 - - [08/Nov/2022:05:39:43 +0000] "GET / HTTP/1.1" 200 14109 "http://46.101.144.32" "Mozilla/5.0 (compatible; InternetMeasurement/1.0; +https://internet-measurement.com/)"
87.236.176.82 - - [08/Nov/2022:05:39:45 +0000] "GET /favicon.ico HTTP/1.1" 404 4219 "-" "Mozilla/5.0 (Windows NT 10.0; Win64; x64) AppleWebKit/537.36 (KHTML, like Gecko) Chrome/95.0.4638.69 Safari/537.36"
179.43.159.197 - - [08/Nov/2022:05:39:46 +0000] "GET /favicon.ico HTTP/1.1" 404 4219 "-" "Mozilla/5.0 (Windows NT 10.0; Win64; x64) AppleWebKit/537.36 (KHTML, like Gecko) Chrome/95.0.4638.69 Safari/537.36"
45.72.112.247 - - [08/Nov/2022:05:39:50 +0000] "GET /favicon.ico HTTP/1.1" 404 4219 "-" "Mozilla/5.0 (Windows NT 10.0; Win64; x64) AppleWebKit/537.36 (KHTML, like Gecko) Chrome/95.0.4638.69 Safari/537.36"
147.78.47.233 - - [08/Nov/2022:05:50:27 +0000] "POST /wp-login.php HTTP/1.1" 200 6843 "-" "Mozilla/5.0 (Windows NT 6.3; WOW64; rv:43.0) Gecko/20100101 Firefox/43.0"
147.78.47.233 - - [08/Nov/2022:05:56:45 +0000] "POST /wp-login.php HTTP/1.1" 200 6869 "-" "Mozilla/5.0 (Windows NT 6.3; WOW64; rv:43.0) Gecko/20100101 Firefox/43.0"
172.104.233.239 - - [08/Nov/2022:05:57:45 +0000] "GET /alCL HTTP/1.1" 404 4220 "-" "Mozilla/5.0 (compatible; Nmap Scripting Engine; https://nmap.org/book/nse.html)"
172.104.233.239 - - [08/Nov/2022:05:57:45 +0000] "GET /5Pnj HTTP/1.1" 404 4220 "-" "Mozilla/5.0 (compatible; Nmap Scripting Engine; https://nmap.org/book/nse.html)"
152.89.196.211 - - [08/Nov/2022:05:59:47 +0000] "GET /_ignition/execute-solution HTTP/1.1" 404 4172 "http://46.101.144.32:80/_ignition/execute-solution" "Mozilla/5.0 (Windows NT 10.0; Win64; x64) AppleWebKit/537.36 (KHTML, like Gecko) Chrome/78.0.3904.108 Safari/537.36"
198.98.60.32 - - [08/Nov/2022:06:13:01 +0000] "GET /wp-login.php HTTP/1.1" 200 11212 "-" "Mozilla/5.0 (X11; Linux x86_64) AppleWebKit/537.36 (KHTML, like Gecko) Chrome/36.0.1985.143 Safari/537.36"
198.98.60.32 - - [08/Nov/2022:06:13:36 +0000] "POST /wp-login.php HTTP/1.1" 200 11608 "-" "Mozilla/5.0 (X11; Linux x86_64) AppleWebKit/537.36 (KHTML, like Gecko) Chrome/36.0.1985.143 Safari/537.36"
147.78.47.233 - - [08/Nov/2022:06:13:44 +0000] "POST /wp-login.php HTTP/1.1" 200 6843 "-" "Mozilla/5.0 (Windows NT 6.3; WOW64; rv:43.0) Gecko/20100101 Firefox/43.0"
194.180.48.125 - - [08/Nov/2022:06:15:09 +0000] "GET /docker-compose.yml HTTP/1.1" 404 4172 "-" "Mozilla/5.0 (Mobile; Windows Phone 8.1; Android 4.0; ARM; Trident/7.0; Touch; rv:11.0; IEMobile/11.0; NOKIA; Lumia 929) like iPhone OS 7_0_3 Mac OS X AppleWebKit/537 (KHTML, like Gecko) Mobile Safari/537"
147.78.47.233 - - [08/Nov/2022:06:17:19 +0000] "POST /wp-login.php HTTP/1.1" 200 6869 "-" "Mozilla/5.0 (Windows NT 6.3; WOW64; rv:43.0) Gecko/20100101 Firefox/43.0"
147.78.47.233 - - [08/Nov/2022:06:34:22 +0000] "POST /wp-login.php HTTP/1.1" 200 6843 "-" "Mozilla/5.0 (Windows NT 6.3; WOW64; rv:43.0) Gecko/20100101 Firefox/43.0"
209.141.57.9 - - [08/Nov/2022:06:34:47 +0000] "GET /wp-login.php HTTP/1.1" 200 11212 "-" "Mozilla/5.0 (Windows NT 6.1; rv:31.0) Gecko/20100101 Firefox/31.0"
209.141.57.9 - - [08/Nov/2022:06:34:47 +0000] "POST /wp-login.php HTTP/1.1" 200 8442 "-" "Mozilla/5.0 (Windows NT 6.1; rv:31.0) Gecko/20100101 Firefox/31.0"
46.101.144.32 - - [08/Nov/2022:06:38:06 +0000] "POST /wp-cron.php?doing_wp_cron=1667889486.4773070812225341796875 HTTP/1.1" 200 4070 "https://talmedos.com/wp-cron.php?doing_wp_cron=1667889486.4773070812225341796875" "WordPress/6.1; https://talmedos.com"
147.78.47.233 - - [08/Nov/2022:06:38:06 +0000] "POST /wp-login.php HTTP/1.1" 200 6869 "-" "Mozilla/5.0 (Windows NT 6.3; WOW64; rv:43.0) Gecko/20100101 Firefox/43.0"
216.218.206.84 - - [08/Nov/2022:06:41:40 +0000] "GET / HTTP/1.1" 200 13573 "-" "Mozilla/5.0 (Macintosh; Intel Mac OS X 10_13_6) AppleWebKit/537.36 (KHTML, like Gecko) Chrome/105.0.0.0 Safari/537.36"
213.152.161.170 - - [08/Nov/2022:06:52:14 +0000] "POST /xmlrpc.php HTTP/1.1" 200 4410 "-" "Mozilla/5.0 (Windows NT 10.0; Win64; x64) AppleWebKit/537.36 (KHTML, like Gecko) Chrome/100.0.4896.127 Safari/537.36"
216.218.206.88 - - [08/Nov/2022:06:53:11 +0000] "GET /favicon.ico HTTP/1.1" 404 3615 "-" "Mozilla/5.0 (X11; Linux x86_64) AppleWebKit/537.36 (KHTML, like Gecko) Chrome/106.0.0.0 Safari/537.36"
147.78.47.233 - - [08/Nov/2022:06:57:39 +0000] "POST /wp-login.php HTTP/1.1" 200 6843 "-" "Mozilla/5.0 (Windows NT 6.3; WOW64; rv:43.0) Gecko/20100101 Firefox/43.0"
20.235.240.153 - - [08/Nov/2022:06:58:24 +0000] "GET / HTTP/1.1" 200 14241 "-" "python-requests/2.28.1"
20.235.240.153 - - [08/Nov/2022:06:58:25 +0000] "GET /_profiler/empty/search/results HTTP/1.1" 404 4304 "-" "python-requests/2.28.1"
147.78.47.233 - - [08/Nov/2022:07:01:19 +0000] "POST /wp-login.php HTTP/1.1" 200 6869 "-" "Mozilla/5.0 (Windows NT 6.3; WOW64; rv:43.0) Gecko/20100101 Firefox/43.0"
147.78.47.233 - - [08/Nov/2022:07:19:13 +0000] "POST /wp-login.php HTTP/1.1" 200 6843 "-" "Mozilla/5.0 (Windows NT 6.3; WOW64; rv:43.0) Gecko/20100101 Firefox/43.0"
152.89.196.211 - - [08/Nov/2022:07:21:10 +0000] "GET / HTTP/1.1" 200 14109 "http://46.101.144.32:80" "Mozilla/5.0 (Windows NT 10.0; Win64; x64) AppleWebKit/537.36 (KHTML, like Gecko) Chrome/78.0.3904.108 Safari/537.36"
45.61.184.58 - - [08/Nov/2022:07:22:00 +0000] "GET /wp-login.php HTTP/1.1" 200 11212 "-" "Mozilla/5.0 (Macintosh; Intel Mac OS X 10_9_0) AppleWebKit/537.36 (KHTML, like Gecko) Chrome/36.0.1985.125 Safari/537.36"
45.61.184.58 - - [08/Nov/2022:07:22:36 +0000] "POST /wp-login.php HTTP/1.1" 200 11607 "-" "Mozilla/5.0 (Macintosh; Intel Mac OS X 10_9_0) AppleWebKit/537.36 (KHTML, like Gecko) Chrome/36.0.1985.125 Safari/537.36"
147.78.47.233 - - [08/Nov/2022:07:22:59 +0000] "POST /wp-login.php HTTP/1.1" 200 6869 "-" "Mozilla/5.0 (Windows NT 6.3; WOW64; rv:43.0) Gecko/20100101 Firefox/43.0"
46.101.144.32 - - [08/Nov/2022:07:40:01 +0000] "POST /wp-cron.php?doing_wp_cron=1667893201.7246301174163818359375 HTTP/1.1" 200 4070 "https://talmedos.com/wp-cron.php?doing_wp_cron=1667893201.7246301174163818359375" "WordPress/6.1; https://talmedos.com"
147.78.47.233 - - [08/Nov/2022:07:40:01 +0000] "POST /wp-login.php HTTP/1.1" 200 6843 "-" "Mozilla/5.0 (Windows NT 6.3; WOW64; rv:43.0) Gecko/20100101 Firefox/43.0"
147.78.47.233 - - [08/Nov/2022:07:46:35 +0000] "POST /wp-login.php HTTP/1.1" 200 6869 "-" "Mozilla/5.0 (Windows NT 6.3; WOW64; rv:43.0) Gecko/20100101 Firefox/43.0"
185.189.182.234 - - [08/Nov/2022:07:56:00 +0000] "GET /l9eR HTTP/1.1" 400 3670 "-" "-"
45.61.185.74 - - [08/Nov/2022:08:00:59 +0000] "GET /wp-login.php HTTP/1.1" 200 11212 "-" "Mozilla/5.0 (Macintosh; Intel Mac OS X 10_10) AppleWebKit/600.1.3 (KHTML, like Gecko) Version/8.0 Safari/600.1.3"
45.61.185.74 - - [08/Nov/2022:08:00:59 +0000] "POST /wp-login.php HTTP/1.1" 200 8442 "-" "Mozilla/5.0 (Macintosh; Intel Mac OS X 10_10) AppleWebKit/600.1.3 (KHTML, like Gecko) Version/8.0 Safari/600.1.3"
138.246.253.24 - - [08/Nov/2022:08:03:07 +0000] "GET /robots.txt HTTP/1.1" 404 4153 "-" "Mozilla/5.0 (Windows NT 10.0; Win64; x64) AppleWebKit/537.36 (KHTML, like Gecko) Chrome/103.0.5060.134 Safari/537.36"
147.78.47.233 - - [08/Nov/2022:08:04:45 +0000] "POST /wp-login.php HTTP/1.1" 200 6843 "-" "Mozilla/5.0 (Windows NT 6.3; WOW64; rv:43.0) Gecko/20100101 Firefox/43.0"
147.78.47.233 - - [08/Nov/2022:08:08:28 +0000] "POST /wp-login.php HTTP/1.1" 200 6869 "-" "Mozilla/5.0 (Windows NT 6.3; WOW64; rv:43.0) Gecko/20100101 Firefox/43.0"
209.141.34.187 - - [08/Nov/2022:08:09:07 +0000] "GET / HTTP/1.1" 200 14146 "http://46.101.144.32" "Mozilla/5.0 (Macintosh; Intel Mac OS X 10_15_7) AppleWebKit/537.36 (KHTML, like Gecko) Chrome/96.0.4664.110 Safari/537.36"
209.141.36.231 - - [08/Nov/2022:08:09:07 +0000] "GET / HTTP/1.1" 200 14130 "http://talmedos.com" "Mozilla/5.0 (Macintosh; Intel Mac OS X 10_15_7) AppleWebKit/537.36 (KHTML, like Gecko) Chrome/96.0.4664.110 Safari/537.36"
209.141.34.187 - - [08/Nov/2022:08:09:08 +0000] "GET /favicon.ico HTTP/1.1" 404 514 "http://46.101.144.32/favicon.ico" "Mozilla/5.0 (Macintosh; Intel Mac OS X 10_15_7) AppleWebKit/537.36 (KHTML, like Gecko) Chrome/96.0.4664.110 Safari/537.36"
209.141.36.231 - - [08/Nov/2022:08:09:10 +0000] "GET /favicon.ico HTTP/1.1" 404 513 "http://talmedos.com/favicon.ico" "Mozilla/5.0 (Macintosh; Intel Mac OS X 10_15_7) AppleWebKit/537.36 (KHTML, like Gecko) Chrome/96.0.4664.110 Safari/537.36"
205.185.122.184 - - [08/Nov/2022:08:09:12 +0000] "GET / HTTP/1.1" 200 14146 "http://smartcats.pro" "Mozilla/5.0 (Macintosh; Intel Mac OS X 10_15_7) AppleWebKit/537.36 (KHTML, like Gecko) Chrome/96.0.4664.110 Safari/537.36"
205.185.122.184 - - [08/Nov/2022:08:09:13 +0000] "GET /favicon.ico HTTP/1.1" 404 514 "http://smartcats.pro/favicon.ico" "Mozilla/5.0 (Macintosh; Intel Mac OS X 10_15_7) AppleWebKit/537.36 (KHTML, like Gecko) Chrome/96.0.4664.110 Safari/537.36"
205.185.116.89 - - [08/Nov/2022:08:09:24 +0000] "GET / HTTP/1.1" 200 14146 "http://promovisor.smartcats.pro" "Mozilla/5.0 (Macintosh; Intel Mac OS X 10_15_7) AppleWebKit/537.36 (KHTML, like Gecko) Chrome/96.0.4664.110 Safari/537.36"
205.185.116.89 - - [08/Nov/2022:08:09:25 +0000] "GET /favicon.ico HTTP/1.1" 404 525 "http://promovisor.smartcats.pro/favicon.ico" "Mozilla/5.0 (Macintosh; Intel Mac OS X 10_15_7) AppleWebKit/537.36 (KHTML, like Gecko) Chrome/96.0.4664.110 Safari/537.36"
213.152.161.149 - - [08/Nov/2022:08:12:37 +0000] "POST /xmlrpc.php HTTP/1.1" 200 4410 "-" "Mozilla/5.0 (Windows NT 10.0; Win64; x64) AppleWebKit/537.36 (KHTML, like Gecko) Chrome/100.0.4896.127 Safari/537.36"
147.78.47.233 - - [08/Nov/2022:08:25:42 +0000] "POST /wp-login.php HTTP/1.1" 200 6843 "-" "Mozilla/5.0 (Windows NT 6.3; WOW64; rv:43.0) Gecko/20100101 Firefox/43.0"
147.78.47.233 - - [08/Nov/2022:08:29:25 +0000] "POST /wp-login.php HTTP/1.1" 200 6869 "-" "Mozilla/5.0 (Windows NT 6.3; WOW64; rv:43.0) Gecko/20100101 Firefox/43.0"
87.236.176.36 - - [08/Nov/2022:08:45:01 +0000] "GET / HTTP/1.1" 200 14109 "-" "Mozilla/5.0 (compatible; InternetMeasurement/1.0; +https://internet-measurement.com/)"
46.101.144.32 - - [08/Nov/2022:08:45:03 +0000] "POST /wp-cron.php HTTP/1.1" 200 4070 "https://talmedos.com/wp-cron.php" "WordPress/6.1; https://talmedos.com"
46.101.144.32 - - [08/Nov/2022:08:45:04 +0000] "GET / HTTP/1.1" 200 14188 "https://talmedos.com/" "WordPress/6.1; https://talmedos.com"
46.101.144.32 - - [08/Nov/2022:08:45:04 +0000] "GET / HTTP/1.1" 200 14188 "https://talmedos.com/" "WordPress/6.1; https://talmedos.com"
46.101.144.32 - - [08/Nov/2022:08:45:04 +0000] "GET / HTTP/1.1" 200 14188 "https://talmedos.com/" "WordPress/6.1; https://talmedos.com"
46.101.144.32 - - [08/Nov/2022:08:45:04 +0000] "GET / HTTP/1.1" 200 14188 "https://talmedos.com/" "WordPress/6.1; https://talmedos.com"
46.101.144.32 - - [08/Nov/2022:08:45:04 +0000] "GET / HTTP/1.1" 200 14188 "https://talmedos.com/" "WordPress/6.1; https://talmedos.com"
46.101.144.32 - - [08/Nov/2022:08:45:01 +0000] "POST /wp-cron.php?doing_wp_cron=1667897101.7614510059356689453125 HTTP/1.1" 200 4070 "https://talmedos.com/wp-cron.php?doing_wp_cron=1667897101.7614510059356689453125" "WordPress/6.1; https://talmedos.com"
147.78.47.233 - - [08/Nov/2022:08:46:48 +0000] "POST /wp-login.php HTTP/1.1" 200 6843 "-" "Mozilla/5.0 (Windows NT 6.3; WOW64; rv:43.0) Gecko/20100101 Firefox/43.0"
147.78.47.233 - - [08/Nov/2022:08:53:29 +0000] "POST /wp-login.php HTTP/1.1" 200 6869 "-" "Mozilla/5.0 (Windows NT 6.3; WOW64; rv:43.0) Gecko/20100101 Firefox/43.0"
209.141.47.94 - - [08/Nov/2022:09:00:57 +0000] "GET /wp-login.php HTTP/1.1" 200 11212 "-" "Mozilla/5.0 (Windows NT 6.1; WOW64; rv:29.0) Gecko/20100101 Firefox/29.0"
209.141.47.94 - - [08/Nov/2022:09:01:50 +0000] "POST /wp-login.php HTTP/1.1" 200 11610 "-" "Mozilla/5.0 (Windows NT 6.1; WOW64; rv:29.0) Gecko/20100101 Firefox/29.0"
35.195.93.98 - - [08/Nov/2022:09:10:23 +0000] "GET / HTTP/1.1" 200 13644 "-" "python-requests/2.28.1"
147.78.47.233 - - [08/Nov/2022:09:10:58 +0000] "POST /wp-login.php HTTP/1.1" 200 6843 "-" "Mozilla/5.0 (Windows NT 6.3; WOW64; rv:43.0) Gecko/20100101 Firefox/43.0"
147.78.47.233 - - [08/Nov/2022:09:14:38 +0000] "POST /wp-login.php HTTP/1.1" 200 6869 "-" "Mozilla/5.0 (Windows NT 6.3; WOW64; rv:43.0) Gecko/20100101 Firefox/43.0"
209.141.49.253 - - [08/Nov/2022:09:22:27 +0000] "GET /wp-login.php HTTP/1.1" 200 11212 "-" "Mozilla/5.0 (compatible; MSIE 10.0; Windows NT 6.1; WOW64; Trident/6.0)"
209.141.49.253 - - [08/Nov/2022:09:23:35 +0000] "POST /wp-login.php HTTP/1.1" 200 11610 "-" "Mozilla/5.0 (compatible; MSIE 10.0; Windows NT 6.1; WOW64; Trident/6.0)"
104.244.77.192 - - [08/Nov/2022:09:30:32 +0000] "GET /wp-login.php HTTP/1.1" 200 11212 "-" "Mozilla/5.0 (X11; Linux x86_64) AppleWebKit/537.36 (KHTML, like Gecko) Chrome/36.0.1985.143 Safari/537.36"
104.244.77.192 - - [08/Nov/2022:09:30:32 +0000] "POST /wp-login.php HTTP/1.1" 200 8441 "-" "Mozilla/5.0 (X11; Linux x86_64) AppleWebKit/537.36 (KHTML, like Gecko) Chrome/36.0.1985.143 Safari/537.36"
147.78.47.233 - - [08/Nov/2022:09:33:00 +0000] "POST /wp-login.php HTTP/1.1" 200 6843 "-" "Mozilla/5.0 (Windows NT 6.3; WOW64; rv:43.0) Gecko/20100101 Firefox/43.0"
147.78.47.233 - - [08/Nov/2022:09:36:49 +0000] "POST /wp-login.php HTTP/1.1" 200 6869 "-" "Mozilla/5.0 (Windows NT 6.3; WOW64; rv:43.0) Gecko/20100101 Firefox/43.0"
46.101.144.32 - - [08/Nov/2022:09:43:54 +0000] "POST /wp-cron.php?doing_wp_cron=1667900634.9441978931427001953125 HTTP/1.1" 200 4070 "https://talmedos.com/wp-cron.php?doing_wp_cron=1667900634.9441978931427001953125" "WordPress/6.1; https://talmedos.com"
205.210.31.39 - - [08/Nov/2022:09:43:54 +0000] "GET / HTTP/1.1" 301 3399 "-" "Expanse, a Palo Alto Networks company, searches across the global IPv4 space multiple times per day to identify customers&#39; presences on the Internet. If you would like to be excluded from our scans, please send IP addresses/domains to: scaninfo@paloaltonetworks.com"
154.89.5.218 - - [08/Nov/2022:09:44:30 +0000] "GET / HTTP/1.0" 301 3957 "-" "-"
51.89.242.50 - - [08/Nov/2022:09:50:30 +0000] "GET /vendor/phpunit/phpunit/src/Util/PHP/eval-stdin.php HTTP/1.1" 404 3686 "-" "Mozilla/5.0 (Macintosh; Intel Mac OS X 10_10_1) AppleWebKit/537.36 (KHTML, like Gecko) Chrome/39.0.2171.95 Safari/537.36"
209.141.57.9 - - [08/Nov/2022:09:51:09 +0000] "GET /wp-login.php HTTP/1.1" 200 11212 "-" "Mozilla/5.0 (Windows NT 6.3; WOW64; Trident/7.0; rv:11.0) like Gecko"
209.141.57.9 - - [08/Nov/2022:09:51:09 +0000] "POST /wp-login.php HTTP/1.1" 200 8442 "-" "Mozilla/5.0 (Windows NT 6.3; WOW64; Trident/7.0; rv:11.0) like Gecko"
209.141.44.126 - - [08/Nov/2022:09:54:22 +0000] "POST /wp-login.php?redirect_to=https://www.talmedos.com/wp-admin/ HTTP/1.1" 200 6377 "-" "Mozilla/5.0 (Macintosh; Intel Mac OS X 10.15; rv:75.0) Gecko/20100101 Firefox/75.0"
147.78.47.233 - - [08/Nov/2022:09:57:24 +0000] "POST /wp-login.php HTTP/1.1" 200 6843 "-" "Mozilla/5.0 (Windows NT 6.3; WOW64; rv:43.0) Gecko/20100101 Firefox/43.0"
147.78.47.233 - - [08/Nov/2022:10:01:35 +0000] "POST /wp-login.php HTTP/1.1" 200 6869 "-" "Mozilla/5.0 (Windows NT 6.3; WOW64; rv:43.0) Gecko/20100101 Firefox/43.0"
109.74.204.123 - - [08/Nov/2022:10:02:05 +0000] "GET / HTTP/1.0" 200 59992 "-" "-"
109.74.204.123 - - [08/Nov/2022:10:02:05 +0000] "POST /scripts/WPnBr.dll HTTP/1.1" 404 4220 "-" "curl/7.54.0"
109.74.204.123 - - [08/Nov/2022:10:02:05 +0000] "GET /nmaplowercheck1667901725 HTTP/1.1" 404 4220 "-" "curl/7.54.0"
109.74.204.123 - - [08/Nov/2022:10:02:05 +0000] "GET /.git/HEAD HTTP/1.1" 404 4220 "-" "curl/7.54.0"
109.74.204.123 - - [08/Nov/2022:10:02:05 +0000] "GET /HNAP1 HTTP/1.1" 404 4220 "-" "curl/7.54.0"
109.74.204.123 - - [08/Nov/2022:10:02:05 +0000] "GET /Portal0000.htm HTTP/1.1" 404 4220 "-" "curl/7.54.0"
109.74.204.123 - - [08/Nov/2022:10:02:05 +0000] "GET /Portal/Portal.mwsl HTTP/1.1" 404 4220 "-" "curl/7.54.0"
109.74.204.123 - - [08/Nov/2022:10:02:05 +0000] "HEAD / HTTP/1.1" 200 3990 "-" "curl/7.54.0"
109.74.204.123 - - [08/Nov/2022:10:02:05 +0000] "GET /CSS/Miniweb.css HTTP/1.1" 404 4220 "-" "curl/7.54.0"
109.74.204.123 - - [08/Nov/2022:10:02:05 +0000] "GET /default.cfm HTTP/1.1" 404 4220 "-" "curl/7.54.0"
109.74.204.123 - - [08/Nov/2022:10:02:05 +0000] "POST /sdk HTTP/1.1" 404 4220 "-" "curl/7.54.0"
109.74.204.123 - - [08/Nov/2022:10:02:05 +0000] "SSTP_DUPLEX_POST /sra_{BA195980-CD49-458b-9E23-C84EE0ADCD75}/ HTTP/1.1" 400 4231 "-" "-"
109.74.204.123 - - [08/Nov/2022:10:02:05 +0000] "GET /__Additional HTTP/1.1" 404 4220 "-" "curl/7.54.0"
109.74.204.123 - - [08/Nov/2022:10:02:05 +0000] "GET /server-status HTTP/1.1" 403 4223 "-" "curl/7.54.0"
109.74.204.123 - - [08/Nov/2022:10:02:05 +0000] "GET /docs/cplugError.html/ HTTP/1.1" 404 4220 "-" "curl/7.54.0"
109.74.204.123 - - [08/Nov/2022:10:02:05 +0000] "GET /pools/default/buckets HTTP/1.1" 404 4220 "-" "curl/7.54.0"
109.74.204.123 - - [08/Nov/2022:10:02:05 +0000] "GET /start.jsp HTTP/1.1" 404 4220 "-" "curl/7.54.0"
109.74.204.123 - - [08/Nov/2022:10:02:05 +0000] "GET / HTTP/1.1" 200 59073 "-" "curl/7.54.0"
109.74.204.123 - - [08/Nov/2022:10:02:05 +0000] "GET /?=PHPE9568F36-D428-11d2-A769-00AA001ACF42 HTTP/1.1" 200 59073 "-" "curl/7.54.0"
109.74.204.123 - - [08/Nov/2022:10:02:06 +0000] "GET /pools HTTP/1.1" 404 4220 "-" "curl/7.54.0"
109.74.204.123 - - [08/Nov/2022:10:02:06 +0000] "GET /inicio.aspx HTTP/1.1" 404 4220 "-" "curl/7.54.0"
109.74.204.123 - - [08/Nov/2022:10:02:06 +0000] "GET / HTTP/1.0" 400 627 "-" "-"
109.74.204.123 - - [08/Nov/2022:10:02:06 +0000] "GET /index.jhtml HTTP/1.1" 404 4220 "-" "curl/7.54.0"
109.74.204.123 - - [08/Nov/2022:10:02:06 +0000] "GET /menu.html HTTP/1.1" 404 4220 "-" "curl/7.54.0"
109.74.204.123 - - [08/Nov/2022:10:02:05 +0000] "GET / HTTP/1.1" 200 59073 "-" "curl/7.54.0"
109.74.204.123 - - [08/Nov/2022:10:02:06 +0000] "GET /main.pl HTTP/1.1" 404 4220 "-" "curl/7.54.0"
109.74.204.123 - - [08/Nov/2022:10:02:06 +0000] "GET /favicon.ico HTTP/1.1" 404 4220 "-" "curl/7.54.0"
109.74.204.123 - - [08/Nov/2022:10:02:06 +0000] "GET /base.cgi HTTP/1.1" 404 4220 "-" "curl/7.54.0"
109.74.204.123 - - [08/Nov/2022:10:02:06 +0000] "GET / HTTP/1.0" 200 59992 "-" "-"
109.74.204.123 - - [08/Nov/2022:10:02:06 +0000] "GET /?=PHPB8B5F2A0-3C92-11d3-A3A9-4C7B08C10000 HTTP/1.1" 200 59073 "-" "curl/7.54.0"
109.74.204.123 - - [08/Nov/2022:10:02:06 +0000] "GET / HTTP/1.1" 200 59073 "-" "curl/7.54.0"
109.74.204.123 - - [08/Nov/2022:10:02:06 +0000] "GET /localstart.asp HTTP/1.1" 404 4220 "-" "curl/7.54.0"
109.74.204.123 - - [08/Nov/2022:10:02:06 +0000] "GET / HTTP/1.1" 200 59073 "-" "curl/7.54.0"
109.74.204.123 - - [08/Nov/2022:10:02:07 +0000] "GET /default.aspx HTTP/1.1" 404 4220 "-" "curl/7.54.0"
109.74.204.123 - - [08/Nov/2022:10:02:07 +0000] "GET /home.pl HTTP/1.1" 404 4220 "-" "curl/7.54.0"
109.74.204.123 - - [08/Nov/2022:10:02:07 +0000] "GET /robots.txt HTTP/1.1" 404 4220 "-" "curl/7.54.0"
109.74.204.123 - - [08/Nov/2022:10:02:07 +0000] "HEAD / HTTP/1.1" 200 3990 "-" "curl/7.54.0"
109.74.204.123 - - [08/Nov/2022:10:02:07 +0000] "GET /menu.cfm HTTP/1.1" 404 4220 "-" "curl/7.54.0"
109.74.204.123 - - [08/Nov/2022:10:02:07 +0000] "GET /readme.txt HTTP/1.1" 404 4220 "-" "curl/7.54.0"
109.74.204.123 - - [08/Nov/2022:10:02:08 +0000] "GET /start.shtml HTTP/1.1" 404 4220 "-" "curl/7.54.0"
109.74.204.123 - - [08/Nov/2022:10:02:08 +0000] "GET /admin.shtml HTTP/1.1" 404 4220 "-" "curl/7.54.0"
109.74.204.123 - - [08/Nov/2022:10:02:08 +0000] "GET /admin.pl HTTP/1.1" 404 4220 "-" "curl/7.54.0"
109.74.204.123 - - [08/Nov/2022:10:02:08 +0000] "GET /home.asp HTTP/1.1" 404 4220 "-" "curl/7.54.0"
109.74.204.123 - - [08/Nov/2022:10:02:08 +0000] "GET /inicio.pl HTTP/1.1" 404 4220 "-" "curl/7.54.0"
109.74.204.123 - - [08/Nov/2022:10:02:08 +0000] "GET /index.cfm HTTP/1.1" 404 4220 "-" "curl/7.54.0"
109.74.204.123 - - [08/Nov/2022:10:02:08 +0000] "GET /admin.php HTTP/1.1" 404 4220 "-" "curl/7.54.0"
109.74.204.123 - - [08/Nov/2022:10:02:09 +0000] "GET /admin.jsp HTTP/1.1" 404 4220 "-" "curl/7.54.0"
109.74.204.123 - - [08/Nov/2022:10:02:09 +0000] "GET /localstart.aspx HTTP/1.1" 404 4220 "-" "curl/7.54.0"
109.74.204.123 - - [08/Nov/2022:10:02:09 +0000] "GET /inicio.cfm HTTP/1.1" 404 4220 "-" "curl/7.54.0"
109.74.204.123 - - [08/Nov/2022:10:02:09 +0000] "GET /admin.jhtml HTTP/1.1" 404 4220 "-" "curl/7.54.0"
109.74.204.123 - - [08/Nov/2022:10:02:09 +0000] "GET /admin.html HTTP/1.1" 404 4220 "-" "curl/7.54.0"
109.74.204.123 - - [08/Nov/2022:10:02:09 +0000] "GET /localstart.jsp HTTP/1.1" 404 4220 "-" "curl/7.54.0"
109.74.204.123 - - [08/Nov/2022:10:02:10 +0000] "GET /admin.cfm HTTP/1.1" 404 4220 "-" "curl/7.54.0"
109.74.204.123 - - [08/Nov/2022:10:02:10 +0000] "GET /indice.cfm HTTP/1.1" 404 4220 "-" "curl/7.54.0"
109.74.204.123 - - [08/Nov/2022:10:02:10 +0000] "GET /default.php HTTP/1.1" 404 4220 "-" "curl/7.54.0"
109.74.204.123 - - [08/Nov/2022:10:02:10 +0000] "GET /admin.aspx HTTP/1.1" 404 4220 "-" "curl/7.54.0"
109.74.204.123 - - [08/Nov/2022:10:02:10 +0000] "GET /inicio.asp HTTP/1.1" 404 4220 "-" "curl/7.54.0"
109.74.204.123 - - [08/Nov/2022:10:02:10 +0000] "GET /localstart.pl HTTP/1.1" 404 4220 "-" "curl/7.54.0"
109.74.204.123 - - [08/Nov/2022:10:02:10 +0000] "GET /localstart.shtml HTTP/1.1" 404 4220 "-" "curl/7.54.0"
109.74.204.123 - - [08/Nov/2022:10:02:11 +0000] "GET /menu.jsp HTTP/1.1" 404 4220 "-" "curl/7.54.0"
109.74.204.123 - - [08/Nov/2022:10:02:11 +0000] "GET /base.shtml HTTP/1.1" 404 4220 "-" "curl/7.54.0"
109.74.204.123 - - [08/Nov/2022:10:02:11 +0000] "GET /home.jsp HTTP/1.1" 404 4220 "-" "curl/7.54.0"
109.74.204.123 - - [08/Nov/2022:10:02:11 +0000] "GET /index.html HTTP/1.1" 404 4220 "-" "curl/7.54.0"
109.74.204.123 - - [08/Nov/2022:10:02:11 +0000] "GET /base.pl HTTP/1.1" 404 4220 "-" "curl/7.54.0"
109.74.204.123 - - [08/Nov/2022:10:02:11 +0000] "GET /base.php HTTP/1.1" 404 4220 "-" "curl/7.54.0"
109.74.204.123 - - [08/Nov/2022:10:02:12 +0000] "GET /index.aspx HTTP/1.1" 404 4220 "-" "curl/7.54.0"
109.74.204.123 - - [08/Nov/2022:10:02:12 +0000] "GET /base.jsp HTTP/1.1" 404 4220 "-" "curl/7.54.0"
109.74.204.123 - - [08/Nov/2022:10:02:12 +0000] "GET /base.jsa HTTP/1.1" 404 4220 "-" "curl/7.54.0"
109.74.204.123 - - [08/Nov/2022:10:02:12 +0000] "GET /home.html HTTP/1.1" 404 4220 "-" "curl/7.54.0"
109.74.204.123 - - [08/Nov/2022:10:02:12 +0000] "GET /menu.php HTTP/1.1" 404 4220 "-" "curl/7.54.0"
109.74.204.123 - - [08/Nov/2022:10:02:12 +0000] "GET /admin.asp HTTP/1.1" 404 4220 "-" "curl/7.54.0"
109.74.204.123 - - [08/Nov/2022:10:02:12 +0000] "GET /indice.cgi HTTP/1.1" 404 4220 "-" "curl/7.54.0"
109.74.204.123 - - [08/Nov/2022:10:02:13 +0000] "GET /index.jsa HTTP/1.1" 404 4220 "-" "curl/7.54.0"
109.74.204.123 - - [08/Nov/2022:10:02:13 +0000] "GET /indice.shtml HTTP/1.1" 404 4220 "-" "curl/7.54.0"
109.74.204.123 - - [08/Nov/2022:10:02:13 +0000] "GET /menu.aspx HTTP/1.1" 404 4220 "-" "curl/7.54.0"
109.74.204.123 - - [08/Nov/2022:10:02:13 +0000] "GET /main.php HTTP/1.1" 404 4220 "-" "curl/7.54.0"
109.74.204.123 - - [08/Nov/2022:10:02:13 +0000] "GET /base.cfm HTTP/1.1" 404 4220 "-" "curl/7.54.0"
109.74.204.123 - - [08/Nov/2022:10:02:13 +0000] "GET /localstart.jsa HTTP/1.1" 404 4220 "-" "curl/7.54.0"
109.74.204.123 - - [08/Nov/2022:10:02:14 +0000] "GET /index.pl HTTP/1.1" 404 4220 "-" "curl/7.54.0"
109.74.204.123 - - [08/Nov/2022:10:02:14 +0000] "GET /base.asp HTTP/1.1" 404 4220 "-" "curl/7.54.0"
109.74.204.123 - - [08/Nov/2022:10:02:14 +0000] "GET /base.html HTTP/1.1" 404 4220 "-" "curl/7.54.0"
109.74.204.123 - - [08/Nov/2022:10:02:14 +0000] "GET /indice.jsa HTTP/1.1" 404 4220 "-" "curl/7.54.0"
109.74.204.123 - - [08/Nov/2022:10:02:14 +0000] "GET /main.aspx HTTP/1.1" 404 4220 "-" "curl/7.54.0"
109.74.204.123 - - [08/Nov/2022:10:02:14 +0000] "GET /start.html HTTP/1.1" 404 4220 "-" "curl/7.54.0"
109.74.204.123 - - [08/Nov/2022:10:02:14 +0000] "GET /localstart.jhtml HTTP/1.1" 404 4220 "-" "curl/7.54.0"
109.74.204.123 - - [08/Nov/2022:10:02:15 +0000] "GET /default.shtml HTTP/1.1" 404 4220 "-" "curl/7.54.0"
109.74.204.123 - - [08/Nov/2022:10:02:15 +0000] "GET /admin.cgi HTTP/1.1" 404 4220 "-" "curl/7.54.0"
109.74.204.123 - - [08/Nov/2022:10:02:15 +0000] "GET /inicio.shtml HTTP/1.1" 404 4220 "-" "curl/7.54.0"
109.74.204.123 - - [08/Nov/2022:10:02:15 +0000] "GET /indice.php HTTP/1.1" 404 4220 "-" "curl/7.54.0"
109.74.204.123 - - [08/Nov/2022:10:02:15 +0000] "GET default.asp HTTP/1.1" 400 4256 "-" "-"
109.74.204.123 - - [08/Nov/2022:10:02:15 +0000] "GET /main.jsa HTTP/1.1" 404 4220 "-" "curl/7.54.0"
109.74.204.123 - - [08/Nov/2022:10:02:15 +0000] "GET /localstart.cgi HTTP/1.1" 404 4220 "-" "curl/7.54.0"
109.74.204.123 - - [08/Nov/2022:10:02:16 +0000] "GET /indice.jsp HTTP/1.1" 404 4220 "-" "curl/7.54.0"
109.74.204.123 - - [08/Nov/2022:10:02:16 +0000] "GET /start.asp HTTP/1.1" 404 4220 "-" "curl/7.54.0"
109.74.204.123 - - [08/Nov/2022:10:02:16 +0000] "GET /main.cfm HTTP/1.1" 404 4220 "-" "curl/7.54.0"
109.74.204.123 - - [08/Nov/2022:10:02:16 +0000] "GET /base.inc HTTP/1.1" 404 4220 "-" "curl/7.54.0"
109.74.204.123 - - [08/Nov/2022:10:02:16 +0000] "GET /indice.aspx HTTP/1.1" 404 4220 "-" "curl/7.54.0"
109.74.204.123 - - [08/Nov/2022:10:02:16 +0000] "GET /default.jsa HTTP/1.1" 404 4220 "-" "curl/7.54.0"
109.74.204.123 - - [08/Nov/2022:10:02:17 +0000] "GET /inicio.jhtml HTTP/1.1" 404 4220 "-" "curl/7.54.0"
109.74.204.123 - - [08/Nov/2022:10:02:17 +0000] "GET /home.jsa HTTP/1.1" 404 4220 "-" "curl/7.54.0"
109.74.204.123 - - [08/Nov/2022:10:02:17 +0000] "GET /localstart.html HTTP/1.1" 404 4220 "-" "curl/7.54.0"
109.74.204.123 - - [08/Nov/2022:10:02:17 +0000] "GET /index.asp HTTP/1.1" 404 4220 "-" "curl/7.54.0"
109.74.204.123 - - [08/Nov/2022:10:02:17 +0000] "GET /menu.shtml HTTP/1.1" 404 4220 "-" "curl/7.54.0"
109.74.204.123 - - [08/Nov/2022:10:02:17 +0000] "GET /inicio.jsa HTTP/1.1" 404 4220 "-" "curl/7.54.0"
109.74.204.123 - - [08/Nov/2022:10:02:17 +0000] "GET /indice.asp HTTP/1.1" 404 4220 "-" "curl/7.54.0"
109.74.204.123 - - [08/Nov/2022:10:02:18 +0000] "GET /default.asp HTTP/1.1" 404 4220 "-" "curl/7.54.0"
109.74.204.123 - - [08/Nov/2022:10:02:18 +0000] "GET /start.cfm HTTP/1.1" 404 4220 "-" "curl/7.54.0"
109.74.204.123 - - [08/Nov/2022:10:02:18 +0000] "GET /index.cgi HTTP/1.1" 404 4220 "-" "curl/7.54.0"
109.74.204.123 - - [08/Nov/2022:10:02:18 +0000] "GET /inicio.html HTTP/1.1" 404 4220 "-" "curl/7.54.0"
109.74.204.123 - - [08/Nov/2022:10:02:18 +0000] "GET /main.asp HTTP/1.1" 404 4220 "-" "curl/7.54.0"
109.74.204.123 - - [08/Nov/2022:10:02:18 +0000] "GET /menu.cgi HTTP/1.1" 404 4220 "-" "curl/7.54.0"
109.74.204.123 - - [08/Nov/2022:10:02:18 +0000] "GET /base.jhtml HTTP/1.1" 404 4220 "-" "curl/7.54.0"
109.74.204.123 - - [08/Nov/2022:10:02:19 +0000] "GET /index.php HTTP/1.1" 301 4005 "-" "curl/7.54.0"
109.74.204.123 - - [08/Nov/2022:10:02:19 +0000] "GET / HTTP/1.0" 200 59992 "-" "-"
109.74.204.123 - - [08/Nov/2022:10:02:54 +0000] "GET / HTTP/1.0" 400 627 "-" "-"
192.241.212.241 - - [08/Nov/2022:10:19:55 +0000] "GET / HTTP/1.0" 400 627 "-" "-"
147.78.47.233 - - [08/Nov/2022:10:20:00 +0000] "POST /wp-login.php HTTP/1.1" 200 6843 "-" "Mozilla/5.0 (Windows NT 6.3; WOW64; rv:43.0) Gecko/20100101 Firefox/43.0"
198.98.50.216 - - [08/Nov/2022:10:20:34 +0000] "GET /wp-login.php HTTP/1.1" 200 11212 "-" "Mozilla/5.0 (Macintosh; Intel Mac OS X 10_9_4) AppleWebKit/537.36 (KHTML, like Gecko) Chrome/35.0.1916.153 Safari/537.36"
198.98.50.216 - - [08/Nov/2022:10:20:34 +0000] "POST /wp-login.php HTTP/1.1" 200 8442 "-" "Mozilla/5.0 (Macintosh; Intel Mac OS X 10_9_4) AppleWebKit/537.36 (KHTML, like Gecko) Chrome/35.0.1916.153 Safari/537.36"
147.78.47.233 - - [08/Nov/2022:10:23:54 +0000] "POST /wp-login.php HTTP/1.1" 200 6869 "-" "Mozilla/5.0 (Windows NT 6.3; WOW64; rv:43.0) Gecko/20100101 Firefox/43.0"
207.46.13.44 - - [08/Nov/2022:10:30:10 +0000] "GET / HTTP/1.1" 301 4169 "-" "Mozilla/5.0 (compatible; bingbot/2.0; +http://www.bing.com/bingbot.htm)"
188.166.224.48 - - [08/Nov/2022:10:32:23 +0000] "GET /about.php?520 HTTP/1.1" 404 4219 "talmedos.com" "Mozilla/5.1 (Windows NT 6.0; WOW64) AppleWebKit/533.36 (KHTML, like Gecko) Chrome/46.0.2754.75 Safari/533.36"
193.56.29.155 - - [08/Nov/2022:10:37:09 +0000] "GET /.env HTTP/1.1" 404 4304 "-" "Mozilla/5.0 (Linux; U; Android 4.4.2; en-US; HM NOTE 1W Build/KOT49H) AppleWebKit/534.30 (KHTML, like Gecko) Version/4.0 UCBrowser/11.0.5.850 U3/0.8.0 Mobile Safari/534.30"
193.56.29.155 - - [08/Nov/2022:10:37:10 +0000] "POST / HTTP/1.1" 200 14241 "-" "Mozilla/5.0 (Linux; U; Android 4.4.2; en-US; HM NOTE 1W Build/KOT49H) AppleWebKit/534.30 (KHTML, like Gecko) Version/4.0 UCBrowser/11.0.5.850 U3/0.8.0 Mobile Safari/534.30"
193.56.29.155 - - [08/Nov/2022:10:37:10 +0000] "GET /vendor/phpunit/phpunit/src/Util/PHP/eval-stdin.php HTTP/1.1" 404 4304 "-" "python-requests/2.25.1"
46.101.144.32 - - [08/Nov/2022:10:41:33 +0000] "POST /wp-cron.php?doing_wp_cron=1667904093.6888740062713623046875 HTTP/1.1" 200 4070 "https://talmedos.com/wp-cron.php?doing_wp_cron=1667904093.6888740062713623046875" "WordPress/6.1; https://talmedos.com"
147.78.47.233 - - [08/Nov/2022:10:41:33 +0000] "POST /wp-login.php HTTP/1.1" 200 6843 "-" "Mozilla/5.0 (Windows NT 6.3; WOW64; rv:43.0) Gecko/20100101 Firefox/43.0"
147.78.47.233 - - [08/Nov/2022:10:48:11 +0000] "POST /wp-login.php HTTP/1.1" 200 6869 "-" "Mozilla/5.0 (Windows NT 6.3; WOW64; rv:43.0) Gecko/20100101 Firefox/43.0"
209.141.48.210 - - [08/Nov/2022:10:49:30 +0000] "GET /wp-login.php HTTP/1.1" 200 11212 "-" "Mozilla/5.0 (Windows NT 6.2; WOW64; rv:30.0) Gecko/20100101 Firefox/30.0"
209.141.48.210 - - [08/Nov/2022:10:49:30 +0000] "POST /wp-login.php HTTP/1.1" 200 8445 "-" "Mozilla/5.0 (Windows NT 6.2; WOW64; rv:30.0) Gecko/20100101 Firefox/30.0"
194.180.48.125 - - [08/Nov/2022:10:53:12 +0000] "GET /docker-compose.yml HTTP/1.1" 404 4172 "-" "Mozilla/5.0 (OS/2; Warp 4.5; rv:31.0) Gecko/20100101 Firefox/31.0"
164.92.198.198 - - [08/Nov/2022:10:55:10 +0000] "GET / HTTP/1.1" 200 59025 "-" "Mozilla/5.0 (Windows NT 10.0; Win64; x64) AppleWebKit/537.36 (KHTML, like Gecko) Chrome/70.0.3538.77 Safari/537.36"
42.83.147.34 - - [08/Nov/2022:10:56:16 +0000] "GET / HTTP/1.1" 200 13736 "-" "Mozilla/5.0 (Windows NT 6.1; Win64; x64) AppleWebKit/537.36 (KHTML, like Gecko)Chrome/74.0.3729.169 Safari/537.36"
176.111.173.76 - - [08/Nov/2022:11:02:46 +0000] "GET / HTTP/1.1" 200 58639 "http://talmedos.com" "Mozilla/5.0 (X11; Ubuntu; Linux i686; rv:29.0) Gecko/20100101 Firefox/29.0"
147.78.47.233 - - [08/Nov/2022:11:06:03 +0000] "POST /wp-login.php HTTP/1.1" 200 6843 "-" "Mozilla/5.0 (Windows NT 6.3; WOW64; rv:43.0) Gecko/20100101 Firefox/43.0"
147.78.47.233 - - [08/Nov/2022:11:09:48 +0000] "POST /wp-login.php HTTP/1.1" 200 6869 "-" "Mozilla/5.0 (Windows NT 6.3; WOW64; rv:43.0) Gecko/20100101 Firefox/43.0"
192.241.207.74 - - [08/Nov/2022:11:09:51 +0000] "GET / HTTP/1.0" 400 627 "-" "-"
185.7.214.218 - - [08/Nov/2022:11:12:28 +0000] "GET /remote/fgt_lang?lang=/../../../..//////////dev/cmdb/sslvpn_websession HTTP/1.1" 404 4220 "-" "Python-urllib/3.8"
162.142.125.8 - - [08/Nov/2022:11:15:56 +0000] "GET / HTTP/1.1" 301 3938 "-" "-"
162.142.125.8 - - [08/Nov/2022:11:15:56 +0000] "GET / HTTP/1.1" 200 14090 "-" "Mozilla/5.0 (compatible; CensysInspect/1.1; +https://about.censys.io/)"
162.142.125.8 - - [08/Nov/2022:11:15:57 +0000] "GET /favicon.ico HTTP/1.1" 404 4172 "-" "Mozilla/5.0 (compatible; CensysInspect/1.1; +https://about.censys.io/)"
66.240.236.116 - - [08/Nov/2022:11:16:16 +0000] "GET / HTTP/1.1" 200 13573 "-" "Mozilla/5.0 zgrab/0.x"
178.62.115.53 - - [08/Nov/2022:11:22:41 +0000] "GET /ab2g HTTP/1.1" 404 3615 "-" "Mozilla/5.0 zgrab/0.x"
178.62.115.53 - - [08/Nov/2022:11:22:41 +0000] "GET /ab2h HTTP/1.1" 404 3615 "-" "Mozilla/5.0 zgrab/0.x"
178.62.115.53 - - [08/Nov/2022:11:22:43 +0000] "GET / HTTP/1.1" 200 13573 "-" "Mozilla/5.0 zgrab/0.x"
178.62.115.53 - - [08/Nov/2022:11:22:43 +0000] "GET / HTTP/1.0" 400 627 "-" "-"
168.119.4.44 - - [08/Nov/2022:11:24:39 +0000] "GET /robots.txt HTTP/1.1" 404 4256 "-" "Mozilla/5.0 (compatible; BLEXBot/1.0; +http://webmeup-crawler.com/)"
168.119.4.44 - - [08/Nov/2022:11:24:42 +0000] "GET /robots.txt HTTP/1.1" 404 4256 "-" "Mozilla/5.0 (compatible; BLEXBot/1.0; +http://webmeup-crawler.com/)"
168.119.4.44 - - [08/Nov/2022:11:24:44 +0000] "GET /sitemap HTTP/1.1" 404 4256 "-" "Mozilla/5.0 (compatible; BLEXBot/1.0; +http://webmeup-crawler.com/)"
168.119.4.44 - - [08/Nov/2022:11:24:46 +0000] "GET /sitemap HTTP/1.1" 404 4256 "-" "Mozilla/5.0 (compatible; BLEXBot/1.0; +http://webmeup-crawler.com/)"
168.119.4.44 - - [08/Nov/2022:11:24:49 +0000] "GET /sitemap.txt HTTP/1.1" 404 4256 "-" "Mozilla/5.0 (compatible; BLEXBot/1.0; +http://webmeup-crawler.com/)"
168.119.4.44 - - [08/Nov/2022:11:24:52 +0000] "GET /sitemap.txt HTTP/1.1" 404 4256 "-" "Mozilla/5.0 (compatible; BLEXBot/1.0; +http://webmeup-crawler.com/)"
147.78.47.233 - - [08/Nov/2022:11:27:24 +0000] "POST /wp-login.php HTTP/1.1" 200 6843 "-" "Mozilla/5.0 (Windows NT 6.3; WOW64; rv:43.0) Gecko/20100101 Firefox/43.0"
107.189.13.99 - - [08/Nov/2022:11:29:46 +0000] "GET /wp-login.php HTTP/1.1" 200 11212 "-" "Mozilla/5.0 (Macintosh; Intel Mac OS X 10_9_4) AppleWebKit/537.77.4 (KHTML, like Gecko) Version/7.0.5 Safari/537.77.4"
107.189.13.99 - - [08/Nov/2022:11:30:43 +0000] "POST /wp-login.php HTTP/1.1" 200 11607 "-" "Mozilla/5.0 (Macintosh; Intel Mac OS X 10_9_4) AppleWebKit/537.77.4 (KHTML, like Gecko) Version/7.0.5 Safari/537.77.4"
147.78.47.233 - - [08/Nov/2022:11:31:27 +0000] "POST /wp-login.php HTTP/1.1" 200 6869 "-" "Mozilla/5.0 (Windows NT 6.3; WOW64; rv:43.0) Gecko/20100101 Firefox/43.0"
107.189.13.99 - - [08/Nov/2022:11:32:55 +0000] "GET /wp-login.php HTTP/1.1" 200 11212 "-" "Mozilla/5.0 (Windows NT 6.1; WOW64; rv:31.0) Gecko/20100101 Firefox/31.0"
107.189.13.99 - - [08/Nov/2022:11:33:59 +0000] "POST /wp-login.php HTTP/1.1" 200 11606 "-" "Mozilla/5.0 (Windows NT 6.1; WOW64; rv:31.0) Gecko/20100101 Firefox/31.0"
46.101.144.32 - - [08/Nov/2022:11:49:38 +0000] "POST /wp-cron.php?doing_wp_cron=1667908178.9469790458679199218750 HTTP/1.1" 200 4070 "https://talmedos.com/wp-cron.php?doing_wp_cron=1667908178.9469790458679199218750" "WordPress/6.1; https://talmedos.com"
147.78.47.233 - - [08/Nov/2022:11:49:38 +0000] "POST /wp-login.php HTTP/1.1" 200 6843 "-" "Mozilla/5.0 (Windows NT 6.3; WOW64; rv:43.0) Gecko/20100101 Firefox/43.0"
147.78.47.233 - - [08/Nov/2022:11:56:12 +0000] "POST /wp-login.php HTTP/1.1" 200 6869 "-" "Mozilla/5.0 (Windows NT 6.3; WOW64; rv:43.0) Gecko/20100101 Firefox/43.0"
5.188.62.174 - - [08/Nov/2022:11:56:25 +0000] "GET /wp-login.php?wp_lang=en_US HTTP/1.1" 200 5886 "-" "Mozilla/5.0 (Windows NT 10.0; Win64; x64) AppleWebKit/537.36 (KHTML, like Gecko) Chrome/100.0.4895.86 Safari/537.36"
5.188.62.174 - - [08/Nov/2022:11:56:30 +0000] "POST /wp-login.php?wp_lang=en_US HTTP/1.1" 200 2708 "-" "Mozilla/5.0 (Windows NT 10.0; Win64; x64) AppleWebKit/537.36 (KHTML, like Gecko) Chrome/100.0.4895.86 Safari/537.36"
147.78.47.233 - - [08/Nov/2022:12:14:28 +0000] "POST /wp-login.php HTTP/1.1" 200 6843 "-" "Mozilla/5.0 (Windows NT 6.3; WOW64; rv:43.0) Gecko/20100101 Firefox/43.0"
